>Ala389Cys
['TGT']
>Ala389Asp
['GAT']
>Ala389Ser
['AGT']
>Ala389Gln
['CAA']
>Ala389Met
['ATG']
>Ala389Asn
['AAT']
>Ala389Pro
['CCC']
>Ala389Lys
['AAG']
>Ala389Thr
['ACC']
>Ala389Phe
['TTC']
>Ala389Ala
['GCG']
>Ala389Gly
['GGT']
>Ala389Ile
['ATC']
>Ala389Leu
['CTA']
>Ala389His
['CAT']
>Ala389Arg
['CGT']
>Ala389Trp
['TGG']
>Ala389Val
['GTA']
>Ala389Glu
['GAG']
>Ala389Tyr
['TAC']
>Leu390Cys
['TGC']
>Leu390Asp
['GAT']
>Leu390Ser
['TCT']
>Leu390Gln
['CAG']
>Leu390Met
['ATG']
>Leu390Asn
['AAT']
>Leu390Pro
['CCC']
>Leu390Lys
['AAG']
>Leu390Thr
['ACG']
>Leu390Phe
['TTC']
>Leu390Ala
['GCT']
>Leu390Gly
['GGT']
>Leu390Ile
['ATA']
>Leu390Leu
['TTA']
>Leu390His
['CAT']
>Leu390Arg
['AGG']
>Leu390Trp
['TGG']
>Leu390Val
['GTA']
>Leu390Glu
['GAA']
>Leu390Tyr
['TAT']
>Thr391Cys
['TGC']
>Thr391Asp
['GAT']
>Thr391Ser
['AGC']
>Thr391Gln
['CAA']
>Thr391Met
['ATG']
>Thr391Asn
['AAT']
>Thr391Pro
['CCG']
>Thr391Lys
['AAG']
>Thr391Thr
['ACT']
>Thr391Phe
['TTC']
>Thr391Ala
['GCA']
>Thr391Gly
['GGC']
>Thr391Ile
['ATA']
>Thr391Leu
['TTA']
>Thr391His
['CAC']
>Thr391Arg
['AGG']
>Thr391Trp
['TGG']
>Thr391Val
['GTT']
>Thr391Glu
['GAG']
>Thr391Tyr
['TAT']
>Ser392Cys
['TGC']
>Ser392Asp
['GAC']
>Ser392Ser
['TCT']
>Ser392Gln
['CAA']
>Ser392Met
['ATG']
>Ser392Asn
['AAT']
>Ser392Pro
['CCT']
>Ser392Lys
['AAG']
>Ser392Thr
['ACT']
>Ser392Phe
['TTC']
>Ser392Ala
['GCG']
>Ser392Gly
['GGT']
>Ser392Ile
['ATA']
>Ser392Leu
['TTG']
>Ser392His
['CAT']
>Ser392Arg
['CGT']
>Ser392Trp
['TGG']
>Ser392Val
['GTG']
>Ser392Glu
['GAG']
>Ser392Tyr
['TAC']
>Lys393Cys
['TGT']
>Lys393Asp
['GAT']
>Lys393Ser
['TCC']
>Lys393Gln
['CAA']
>Lys393Met
['ATG']
>Lys393Asn
['AAT']
>Lys393Pro
['CCT']
>Lys393Lys
['AAA']
>Lys393Thr
['ACA']
>Lys393Phe
['TTC']
>Lys393Ala
['GCC']
>Lys393Gly
['GGC']
>Lys393Ile
['ATC']
>Lys393Leu
['TTA']
>Lys393His
['CAT']
>Lys393Arg
['CGG']
>Lys393Trp
['TGG']
>Lys393Val
['GTG']
>Lys393Glu
['GAG']
>Lys393Tyr
['TAT']
>Glu394Cys
['TGC']
>Glu394Asp
['GAT']
>Glu394Ser
['AGT']
>Glu394Gln
['CAA']
>Glu394Met
['ATG']
>Glu394Asn
['AAT']
>Glu394Pro
['CCT']
>Glu394Lys
['AAG']
>Glu394Thr
['ACG']
>Glu394Phe
['TTT']
>Glu394Ala
['GCA']
>Glu394Gly
['GGG']
>Glu394Ile
['ATA']
>Glu394Leu
['CTG']
>Glu394His
['CAT']
>Glu394Arg
['CGA']
>Glu394Trp
['TGG']
>Glu394Val
['GTT']
>Glu394Glu
['GAG']
>Glu394Tyr
['TAC']
>Glu395Cys
['TGC']
>Glu395Asp
['GAT']
>Glu395Ser
['TCC']
>Glu395Gln
['CAA']
>Glu395Met
['ATG']
>Glu395Asn
['AAC']
>Glu395Pro
['CCA']
>Glu395Lys
['AAA']
>Glu395Thr
['ACC']
>Glu395Phe
['TTC']
>Glu395Ala
['GCC']
>Glu395Gly
['GGT']
>Glu395Ile
['ATT']
>Glu395Leu
['TTA']
>Glu395His
['CAC']
>Glu395Arg
['CGT']
>Glu395Trp
['TGG']
>Glu395Val
['GTG']
>Glu395Glu
['GAG']
>Glu395Tyr
['TAC']
>Glu396Cys
['TGC']
>Glu396Asp
['GAC']
>Glu396Ser
['TCT']
>Glu396Gln
['CAG']
>Glu396Met
['ATG']
>Glu396Asn
['AAT']
>Glu396Pro
['CCG']
>Glu396Lys
['AAG']
>Glu396Thr
['ACC']
>Glu396Phe
['TTT']
>Glu396Ala
['GCA']
>Glu396Gly
['GGT']
>Glu396Ile
['ATA']
>Glu396Leu
['CTG']
>Glu396His
['CAT']
>Glu396Arg
['AGG']
>Glu396Trp
['TGG']
>Glu396Val
['GTC']
>Glu396Glu
['GAG']
>Glu396Tyr
['TAC']
>Glu397Cys
['TGC']
>Glu397Asp
['GAT']
>Glu397Ser
['TCA']
>Glu397Gln
['CAA']
>Glu397Met
['ATG']
>Glu397Asn
['AAT']
>Glu397Pro
['CCA']
>Glu397Lys
['AAG']
>Glu397Thr
['ACC']
>Glu397Phe
['TTC']
>Glu397Ala
['GCT']
>Glu397Gly
['GGG']
>Glu397Ile
['ATC']
>Glu397Leu
['CTC']
>Glu397His
['CAT']
>Glu397Arg
['AGG']
>Glu397Trp
['TGG']
>Glu397Val
['GTA']
>Glu397Glu
['GAG']
>Glu397Tyr
['TAT']
>Asp398Cys
['TGC']
>Asp398Asp
['GAC']
>Asp398Ser
['TCG']
>Asp398Gln
['CAG']
>Asp398Met
['ATG']
>Asp398Asn
['AAT']
>Asp398Pro
['CCG']
>Asp398Lys
['AAA']
>Asp398Thr
['ACA']
>Asp398Phe
['TTC']
>Asp398Ala
['GCG']
>Asp398Gly
['GGC']
>Asp398Ile
['ATT']
>Asp398Leu
['CTG']
>Asp398His
['CAC']
>Asp398Arg
['CGC']
>Asp398Trp
['TGG']
>Asp398Val
['GTT']
>Asp398Glu
['GAG']
>Asp398Tyr
['TAT']
>Ser399Cys
['TGC']
>Ser399Asp
['GAT']
>Ser399Ser
['AGT']
>Ser399Gln
['CAG']
>Ser399Met
['ATG']
>Ser399Asn
['AAT']
>Ser399Pro
['CCC']
>Ser399Lys
['AAA']
>Ser399Thr
['ACT']
>Ser399Phe
['TTT']
>Ser399Ala
['GCC']
>Ser399Gly
['GGC']
>Ser399Ile
['ATA']
>Ser399Leu
['CTT']
>Ser399His
['CAT']
>Ser399Arg
['AGA']
>Ser399Trp
['TGG']
>Ser399Val
['GTG']
>Ser399Glu
['GAG']
>Ser399Tyr
['TAC']
>Glu400Cys
['TGC']
>Glu400Asp
['GAT']
>Glu400Ser
['TCC']
>Glu400Gln
['CAA']
>Glu400Met
['ATG']
>Glu400Asn
['AAC']
>Glu400Pro
['CCT']
>Glu400Lys
['AAG']
>Glu400Thr
['ACC']
>Glu400Phe
['TTC']
>Glu400Ala
['GCG']
>Glu400Gly
['GGC']
>Glu400Ile
['ATT']
>Glu400Leu
['CTG']
>Glu400His
['CAT']
>Glu400Arg
['AGA']
>Glu400Trp
['TGG']
>Glu400Val
['GTG']
>Glu400Glu
['GAA']
>Glu400Tyr
['TAT']
>Asn401Cys
['TGC']
>Asn401Asp
['GAC']
>Asn401Ser
['TCA']
>Asn401Gln
['CAG']
>Asn401Met
['ATG']
>Asn401Asn
['AAT']
>Asn401Pro
['CCA']
>Asn401Lys
['AAG']
>Asn401Thr
['ACC']
>Asn401Phe
['TTC']
>Asn401Ala
['GCT']
>Asn401Gly
['GGT']
>Asn401Ile
['ATC']
>Asn401Leu
['CTT']
>Asn401His
['CAT']
>Asn401Arg
['CGC']
>Asn401Trp
['TGG']
>Asn401Val
['GTC']
>Asn401Glu
['GAG']
>Asn401Tyr
['TAC']
>Gly402Cys
['TGT']
>Gly402Asp
['GAC']
>Gly402Ser
['TCT']
>Gly402Gln
['CAG']
>Gly402Met
['ATG']
>Gly402Asn
['AAT']
>Gly402Pro
['CCC']
>Gly402Lys
['AAA']
>Gly402Thr
['ACA']
>Gly402Phe
['TTC']
>Gly402Ala
['GCC']
>Gly402Gly
['GGC']
>Gly402Ile
['ATT']
>Gly402Leu
['CTG']
>Gly402His
['CAT']
>Gly402Arg
['AGG']
>Gly402Trp
['TGG']
>Gly402Val
['GTT']
>Gly402Glu
['GAG']
>Gly402Tyr
['TAT']
>Val403Cys
['TGT']
>Val403Asp
['GAC']
>Val403Ser
['TCA']
>Val403Gln
['CAA']
>Val403Met
['ATG']
>Val403Asn
['AAT']
>Val403Pro
['CCG']
>Val403Lys
['AAA']
>Val403Thr
['ACA']
>Val403Phe
['TTT']
>Val403Ala
['GCA']
>Val403Gly
['GGT']
>Val403Ile
['ATA']
>Val403Leu
['TTA']
>Val403His
['CAT']
>Val403Arg
['CGA']
>Val403Trp
['TGG']
>Val403Val
['GTC']
>Val403Glu
['GAA']
>Val403Tyr
['TAT']
>Pro404Cys
['TGT']
>Pro404Asp
['GAT']
>Pro404Ser
['TCA']
>Pro404Gln
['CAG']
>Pro404Met
['ATG']
>Pro404Asn
['AAT']
>Pro404Pro
['CCT']
>Pro404Lys
['AAG']
>Pro404Thr
['ACG']
>Pro404Phe
['TTT']
>Pro404Ala
['GCG']
>Pro404Gly
['GGA']
>Pro404Ile
['ATA']
>Pro404Leu
['CTT']
>Pro404His
['CAT']
>Pro404Arg
['CGG']
>Pro404Trp
['TGG']
>Pro404Val
['GTG']
>Pro404Glu
['GAG']
>Pro404Tyr
['TAC']
>Glu405Cys
['TGC']
>Glu405Asp
['GAT']
>Glu405Ser
['TCT']
>Glu405Gln
['CAG']
>Glu405Met
['ATG']
>Glu405Asn
['AAC']
>Glu405Pro
['CCC']
>Glu405Lys
['AAG']
>Glu405Thr
['ACG']
>Glu405Phe
['TTT']
>Glu405Ala
['GCC']
>Glu405Gly
['GGT']
>Glu405Ile
['ATA']
>Glu405Leu
['CTG']
>Glu405His
['CAT']
>Glu405Arg
['CGC']
>Glu405Trp
['TGG']
>Glu405Val
['GTT']
>Glu405Glu
['GAA']
>Glu405Tyr
['TAT']
>Ser406Cys
['TGT']
>Ser406Asp
['GAC']
>Ser406Ser
['AGT']
>Ser406Gln
['CAA']
>Ser406Met
['ATG']
>Ser406Asn
['AAC']
>Ser406Pro
['CCG']
>Ser406Lys
['AAA']
>Ser406Thr
['ACA']
>Ser406Phe
['TTT']
>Ser406Ala
['GCG']
>Ser406Gly
['GGT']
>Ser406Ile
['ATT']
>Ser406Leu
['CTA']
>Ser406His
['CAT']
>Ser406Arg
['CGC']
>Ser406Trp
['TGG']
>Ser406Val
['GTG']
>Ser406Glu
['GAA']
>Ser406Tyr
['TAC']
>Thr407Cys
['TGT']
>Thr407Asp
['GAT']
>Thr407Ser
['TCA']
>Thr407Gln
['CAG']
>Thr407Met
['ATG']
>Thr407Asn
['AAC']
>Thr407Pro
['CCC']
>Thr407Lys
['AAA']
>Thr407Thr
['ACG']
>Thr407Phe
['TTT']
>Thr407Ala
['GCT']
>Thr407Gly
['GGC']
>Thr407Ile
['ATC']
>Thr407Leu
['TTG']
>Thr407His
['CAC']
>Thr407Arg
['CGC']
>Thr407Trp
['TGG']
>Thr407Val
['GTG']
>Thr407Glu
['GAA']
>Thr407Tyr
['TAT']
>Ser408Cys
['TGT']
>Ser408Asp
['GAC']
>Ser408Ser
['TCG']
>Ser408Gln
['CAG']
>Ser408Met
['ATG']
>Ser408Asn
['AAC']
>Ser408Pro
['CCG']
>Ser408Lys
['AAA']
>Ser408Thr
['ACG']
>Ser408Phe
['TTC']
>Ser408Ala
['GCA']
>Ser408Gly
['GGC']
>Ser408Ile
['ATC']
>Ser408Leu
['TTA']
>Ser408His
['CAT']
>Ser408Arg
['AGG']
>Ser408Trp
['TGG']
>Ser408Val
['GTG']
>Ser408Glu
['GAG']
>Ser408Tyr
['TAT']
>Thr409Cys
['TGC']
>Thr409Asp
['GAT']
>Thr409Ser
['TCG']
>Thr409Gln
['CAA']
>Thr409Met
['ATG']
>Thr409Asn
['AAC']
>Thr409Pro
['CCC']
>Thr409Lys
['AAG']
>Thr409Thr
['ACA']
>Thr409Phe
['TTT']
>Thr409Ala
['GCA']
>Thr409Gly
['GGC']
>Thr409Ile
['ATA']
>Thr409Leu
['TTG']
>Thr409His
['CAC']
>Thr409Arg
['CGC']
>Thr409Trp
['TGG']
>Thr409Val
['GTC']
>Thr409Glu
['GAA']
>Thr409Tyr
['TAC']
>Asp410Cys
['TGC']
>Asp410Asp
['GAT']
>Asp410Ser
['TCC']
>Asp410Gln
['CAA']
>Asp410Met
['ATG']
>Asp410Asn
['AAC']
>Asp410Pro
['CCT']
>Asp410Lys
['AAG']
>Asp410Thr
['ACG']
>Asp410Phe
['TTT']
>Asp410Ala
['GCC']
>Asp410Gly
['GGC']
>Asp410Ile
['ATT']
>Asp410Leu
['CTA']
>Asp410His
['CAC']
>Asp410Arg
['CGG']
>Asp410Trp
['TGG']
>Asp410Val
['GTC']
>Asp410Glu
['GAA']
>Asp410Tyr
['TAT']
>Ser411Cys
['TGT']
>Ser411Asp
['GAT']
>Ser411Ser
['TCC']
>Ser411Gln
['CAG']
>Ser411Met
['ATG']
>Ser411Asn
['AAT']
>Ser411Pro
['CCC']
>Ser411Lys
['AAG']
>Ser411Thr
['ACT']
>Ser411Phe
['TTC']
>Ser411Ala
['GCT']
>Ser411Gly
['GGT']
>Ser411Ile
['ATC']
>Ser411Leu
['TTG']
>Ser411His
['CAC']
>Ser411Arg
['CGA']
>Ser411Trp
['TGG']
>Ser411Val
['GTT']
>Ser411Glu
['GAG']
>Ser411Tyr
['TAC']
>Pro412Cys
['TGT']
>Pro412Asp
['GAT']
>Pro412Ser
['AGC']
>Pro412Gln
['CAA']
>Pro412Met
['ATG']
>Pro412Asn
['AAC']
>Pro412Pro
['CCG']
>Pro412Lys
['AAA']
>Pro412Thr
['ACA']
>Pro412Phe
['TTT']
>Pro412Ala
['GCA']
>Pro412Gly
['GGT']
>Pro412Ile
['ATA']
>Pro412Leu
['TTA']
>Pro412His
['CAT']
>Pro412Arg
['CGC']
>Pro412Trp
['TGG']
>Pro412Val
['GTG']
>Pro412Glu
['GAG']
>Pro412Tyr
['TAT']
>Pro413Cys
['TGT']
>Pro413Asp
['GAC']
>Pro413Ser
['TCC']
>Pro413Gln
['CAA']
>Pro413Met
['ATG']
>Pro413Asn
['AAT']
>Pro413Pro
['CCG']
>Pro413Lys
['AAG']
>Pro413Thr
['ACG']
>Pro413Phe
['TTT']
>Pro413Ala
['GCA']
>Pro413Gly
['GGA']
>Pro413Ile
['ATC']
>Pro413Leu
['CTA']
>Pro413His
['CAT']
>Pro413Arg
['CGA']
>Pro413Trp
['TGG']
>Pro413Val
['GTA']
>Pro413Glu
['GAG']
>Pro413Tyr
['TAT']
>Gly414Cys
['TGT']
>Gly414Asp
['GAC']
>Gly414Ser
['TCG']
>Gly414Gln
['CAA']
>Gly414Met
['ATG']
>Gly414Asn
['AAT']
>Gly414Pro
['CCC']
>Gly414Lys
['AAA']
>Gly414Thr
['ACA']
>Gly414Phe
['TTT']
>Gly414Ala
['GCT']
>Gly414Gly
['GGT']
>Gly414Ile
['ATT']
>Gly414Leu
['TTA']
>Gly414His
['CAT']
>Gly414Arg
['CGC']
>Gly414Trp
['TGG']
>Gly414Val
['GTG']
>Gly414Glu
['GAA']
>Gly414Tyr
['TAC']
>Ile415Cys
['TGC']
>Ile415Asp
['GAT']
>Ile415Ser
['TCG']
>Ile415Gln
['CAG']
>Ile415Met
['ATG']
>Ile415Asn
['AAC']
>Ile415Pro
['CCG']
>Ile415Lys
['AAA']
>Ile415Thr
['ACC']
>Ile415Phe
['TTT']
>Ile415Ala
['GCG']
>Ile415Gly
['GGC']
>Ile415Ile
['ATA']
>Ile415Leu
['CTA']
>Ile415His
['CAT']
>Ile415Arg
['AGG']
>Ile415Trp
['TGG']
>Ile415Val
['GTG']
>Ile415Glu
['GAA']
>Ile415Tyr
['TAT']
>Asp416Cys
['TGT']
>Asp416Asp
['GAT']
>Asp416Ser
['TCA']
>Asp416Gln
['CAA']
>Asp416Met
['ATG']
>Asp416Asn
['AAC']
>Asp416Pro
['CCA']
>Asp416Lys
['AAG']
>Asp416Thr
['ACA']
>Asp416Phe
['TTC']
>Asp416Ala
['GCC']
>Asp416Gly
['GGG']
>Asp416Ile
['ATC']
>Asp416Leu
['CTA']
>Asp416His
['CAT']
>Asp416Arg
['CGT']
>Asp416Trp
['TGG']
>Asp416Val
['GTA']
>Asp416Glu
['GAA']
>Asp416Tyr
['TAC']
>Leu417Cys
['TGC']
>Leu417Asp
['GAT']
>Leu417Ser
['AGC']
>Leu417Gln
['CAG']
>Leu417Met
['ATG']
>Leu417Asn
['AAC']
>Leu417Pro
['CCC']
>Leu417Lys
['AAA']
>Leu417Thr
['ACA']
>Leu417Phe
['TTT']
>Leu417Ala
['GCC']
>Leu417Gly
['GGC']
>Leu417Ile
['ATA']
>Leu417Leu
['CTA']
>Leu417His
['CAC']
>Leu417Arg
['CGT']
>Leu417Trp
['TGG']
>Leu417Val
['GTC']
>Leu417Glu
['GAG']
>Leu417Tyr
['TAC']
>His418Cys
['TGT']
>His418Asp
['GAT']
>His418Ser
['TCG']
>His418Gln
['CAG']
>His418Met
['ATG']
>His418Asn
['AAC']
>His418Pro
['CCC']
>His418Lys
['AAA']
>His418Thr
['ACG']
>His418Phe
['TTC']
>His418Ala
['GCA']
>His418Gly
['GGT']
>His418Ile
['ATT']
>His418Leu
['CTC']
>His418His
['CAT']
>His418Arg
['CGA']
>His418Trp
['TGG']
>His418Val
['GTG']
>His418Glu
['GAA']
>His418Tyr
['TAC']
>Asn419Cys
['TGC']
>Asn419Asp
['GAC']
>Asn419Ser
['AGC']
>Asn419Gln
['CAA']
>Asn419Met
['ATG']
>Asn419Asn
['AAT']
>Asn419Pro
['CCA']
>Asn419Lys
['AAG']
>Asn419Thr
['ACT']
>Asn419Phe
['TTC']
>Asn419Ala
['GCG']
>Asn419Gly
['GGT']
>Asn419Ile
['ATA']
>Asn419Leu
['TTA']
>Asn419His
['CAC']
>Asn419Arg
['CGG']
>Asn419Trp
['TGG']
>Asn419Val
['GTC']
>Asn419Glu
['GAG']
>Asn419Tyr
['TAC']
>Gln420Cys
['TGC']
>Gln420Asp
['GAC']
>Gln420Ser
['TCT']
>Gln420Gln
['CAG']
>Gln420Met
['ATG']
>Gln420Asn
['AAC']
>Gln420Pro
['CCG']
>Gln420Lys
['AAA']
>Gln420Thr
['ACT']
>Gln420Phe
['TTC']
>Gln420Ala
['GCA']
>Gln420Gly
['GGC']
>Gln420Ile
['ATT']
>Gln420Leu
['CTA']
>Gln420His
['CAC']
>Gln420Arg
['AGG']
>Gln420Trp
['TGG']
>Gln420Val
['GTC']
>Gln420Glu
['GAG']
>Gln420Tyr
['TAT']
>Ala421Cys
['TGC']
>Ala421Asp
['GAT']
>Ala421Ser
['AGT']
>Ala421Gln
['CAG']
>Ala421Met
['ATG']
>Ala421Asn
['AAC']
>Ala421Pro
['CCT']
>Ala421Lys
['AAG']
>Ala421Thr
['ACT']
>Ala421Phe
['TTC']
>Ala421Ala
['GCT']
>Ala421Gly
['GGA']
>Ala421Ile
['ATT']
>Ala421Leu
['TTA']
>Ala421His
['CAT']
>Ala421Arg
['AGA']
>Ala421Trp
['TGG']
>Ala421Val
['GTA']
>Ala421Glu
['GAG']
>Ala421Tyr
['TAC']
>Ser422Cys
['TGT']
>Ser422Asp
['GAC']
>Ser422Ser
['AGC']
>Ser422Gln
['CAG']
>Ser422Met
['ATG']
>Ser422Asn
['AAT']
>Ser422Pro
['CCA']
>Ser422Lys
['AAG']
>Ser422Thr
['ACT']
>Ser422Phe
['TTC']
>Ser422Ala
['GCT']
>Ser422Gly
['GGA']
>Ser422Ile
['ATC']
>Ser422Leu
['CTG']
>Ser422His
['CAT']
>Ser422Arg
['AGG']
>Ser422Trp
['TGG']
>Ser422Val
['GTC']
>Ser422Glu
['GAA']
>Ser422Tyr
['TAT']
>Val423Cys
['TGT']
>Val423Asp
['GAC']
>Val423Ser
['TCT']
>Val423Gln
['CAG']
>Val423Met
['ATG']
>Val423Asn
['AAC']
>Val423Pro
['CCG']
>Val423Lys
['AAG']
>Val423Thr
['ACC']
>Val423Phe
['TTT']
>Val423Ala
['GCT']
>Val423Gly
['GGC']
>Val423Ile
['ATA']
>Val423Leu
['CTT']
>Val423His
['CAC']
>Val423Arg
['CGT']
>Val423Trp
['TGG']
>Val423Val
['GTT']
>Val423Glu
['GAA']
>Val423Tyr
['TAT']
>Pro424Cys
['TGC']
>Pro424Asp
['GAC']
>Pro424Ser
['TCT']
>Pro424Gln
['CAA']
>Pro424Met
['ATG']
>Pro424Asn
['AAC']
>Pro424Pro
['CCT']
>Pro424Lys
['AAA']
>Pro424Thr
['ACC']
>Pro424Phe
['TTC']
>Pro424Ala
['GCT']
>Pro424Gly
['GGC']
>Pro424Ile
['ATC']
>Pro424Leu
['CTC']
>Pro424His
['CAT']
>Pro424Arg
['AGA']
>Pro424Trp
['TGG']
>Pro424Val
['GTA']
>Pro424Glu
['GAA']
>Pro424Tyr
['TAC']
>Leu425Cys
['TGT']
>Leu425Asp
['GAT']
>Leu425Ser
['TCT']
>Leu425Gln
['CAG']
>Leu425Met
['ATG']
>Leu425Asn
['AAT']
>Leu425Pro
['CCA']
>Leu425Lys
['AAG']
>Leu425Thr
['ACT']
>Leu425Phe
['TTC']
>Leu425Ala
['GCA']
>Leu425Gly
['GGT']
>Leu425Ile
['ATC']
>Leu425Leu
['CTT']
>Leu425His
['CAC']
>Leu425Arg
['CGT']
>Leu425Trp
['TGG']
>Leu425Val
['GTG']
>Leu425Glu
['GAG']
>Leu425Tyr
['TAT']
>Glu426Cys
['TGC']
>Glu426Asp
['GAT']
>Glu426Ser
['AGT']
>Glu426Gln
['CAA']
>Glu426Met
['ATG']
>Glu426Asn
['AAC']
>Glu426Pro
['CCC']
>Glu426Lys
['AAG']
>Glu426Thr
['ACT']
>Glu426Phe
['TTT']
>Glu426Ala
['GCG']
>Glu426Gly
['GGT']
>Glu426Ile
['ATT']
>Glu426Leu
['CTA']
>Glu426His
['CAT']
>Glu426Arg
['AGG']
>Glu426Trp
['TGG']
>Glu426Val
['GTT']
>Glu426Glu
['GAA']
>Glu426Tyr
['TAC']
>Pro427Cys
['TGC']
>Pro427Asp
['GAC']
>Pro427Ser
['TCC']
>Pro427Gln
['CAG']
>Pro427Met
['ATG']
>Pro427Asn
['AAT']
>Pro427Pro
['CCC']
>Pro427Lys
['AAA']
>Pro427Thr
['ACC']
>Pro427Phe
['TTC']
>Pro427Ala
['GCT']
>Pro427Gly
['GGA']
>Pro427Ile
['ATA']
>Pro427Leu
['CTT']
>Pro427His
['CAC']
>Pro427Arg
['CGG']
>Pro427Trp
['TGG']
>Pro427Val
['GTC']
>Pro427Glu
['GAA']
>Pro427Tyr
['TAT']
>Arg428Cys
['TGT']
>Arg428Asp
['GAC']
>Arg428Ser
['AGT']
>Arg428Gln
['CAA']
>Arg428Met
['ATG']
>Arg428Asn
['AAC']
>Arg428Pro
['CCT']
>Arg428Lys
['AAA']
>Arg428Thr
['ACC']
>Arg428Phe
['TTC']
>Arg428Ala
['GCT']
>Arg428Gly
['GGG']
>Arg428Ile
['ATA']
>Arg428Leu
['CTA']
>Arg428His
['CAT']
>Arg428Arg
['CGT']
>Arg428Trp
['TGG']
>Arg428Val
['GTT']
>Arg428Glu
['GAA']
>Arg428Tyr
['TAC']
>Pro429Cys
['TGT']
>Pro429Asp
['GAC']
>Pro429Ser
['TCA']
>Pro429Gln
['CAA']
>Pro429Met
['ATG']
>Pro429Asn
['AAC']
>Pro429Pro
['CCA']
>Pro429Lys
['AAA']
>Pro429Thr
['ACG']
>Pro429Phe
['TTC']
>Pro429Ala
['GCA']
>Pro429Gly
['GGG']
>Pro429Ile
['ATC']
>Pro429Leu
['TTG']
>Pro429His
['CAC']
>Pro429Arg
['CGA']
>Pro429Trp
['TGG']
>Pro429Val
['GTT']
>Pro429Glu
['GAA']
>Pro429Tyr
['TAC']
>Leu430Cys
['TGT']
>Leu430Asp
['GAC']
>Leu430Ser
['TCA']
>Leu430Gln
['CAG']
>Leu430Met
['ATG']
>Leu430Asn
['AAT']
>Leu430Pro
['CCC']
>Leu430Lys
['AAA']
>Leu430Thr
['ACC']
>Leu430Phe
['TTC']
>Leu430Ala
['GCC']
>Leu430Gly
['GGA']
>Leu430Ile
['ATT']
>Leu430Leu
['TTA']
>Leu430His
['CAC']
>Leu430Arg
['CGT']
>Leu430Trp
['TGG']
>Leu430Val
['GTT']
>Leu430Glu
['GAA']
>Leu430Tyr
['TAT']
>Arg431Cys
['TGT']
>Arg431Asp
['GAC']
>Arg431Ser
['TCA']
>Arg431Gln
['CAG']
>Arg431Met
['ATG']
>Arg431Asn
['AAT']
>Arg431Pro
['CCA']
>Arg431Lys
['AAA']
>Arg431Thr
['ACC']
>Arg431Phe
['TTT']
>Arg431Ala
['GCT']
>Arg431Gly
['GGT']
>Arg431Ile
['ATA']
>Arg431Leu
['CTC']
>Arg431His
['CAT']
>Arg431Arg
['CGA']
>Arg431Trp
['TGG']
>Arg431Val
['GTG']
>Arg431Glu
['GAA']
>Arg431Tyr
['TAT']
>Arg432Cys
['TGT']
>Arg432Asp
['GAT']
>Arg432Ser
['TCA']
>Arg432Gln
['CAA']
>Arg432Met
['ATG']
>Arg432Asn
['AAC']
>Arg432Pro
['CCT']
>Arg432Lys
['AAA']
>Arg432Thr
['ACT']
>Arg432Phe
['TTC']
>Arg432Ala
['GCA']
>Arg432Gly
['GGC']
>Arg432Ile
['ATA']
>Arg432Leu
['CTG']
>Arg432His
['CAT']
>Arg432Arg
['CGG']
>Arg432Trp
['TGG']
>Arg432Val
['GTG']
>Arg432Glu
['GAG']
>Arg432Tyr
['TAT']
>Glu433Cys
['TGC']
>Glu433Asp
['GAT']
>Glu433Ser
['AGT']
>Glu433Gln
['CAA']
>Glu433Met
['ATG']
>Glu433Asn
['AAT']
>Glu433Pro
['CCT']
>Glu433Lys
['AAA']
>Glu433Thr
['ACC']
>Glu433Phe
['TTT']
>Glu433Ala
['GCC']
>Glu433Gly
['GGT']
>Glu433Ile
['ATC']
>Glu433Leu
['CTG']
>Glu433His
['CAC']
>Glu433Arg
['CGT']
>Glu433Trp
['TGG']
>Glu433Val
['GTG']
>Glu433Glu
['GAA']
>Glu433Tyr
['TAT']
>Ser434Cys
['TGC']
>Ser434Asp
['GAT']
>Ser434Ser
['TCT']
>Ser434Gln
['CAG']
>Ser434Met
['ATG']
>Ser434Asn
['AAC']
>Ser434Pro
['CCC']
>Ser434Lys
['AAA']
>Ser434Thr
['ACA']
>Ser434Phe
['TTC']
>Ser434Ala
['GCC']
>Ser434Gly
['GGA']
>Ser434Ile
['ATC']
>Ser434Leu
['TTA']
>Ser434His
['CAT']
>Ser434Arg
['AGA']
>Ser434Trp
['TGG']
>Ser434Val
['GTT']
>Ser434Glu
['GAG']
>Ser434Tyr
['TAT']
>Glu435Cys
['TGC']
>Glu435Asp
['GAC']
>Glu435Ser
['AGC']
>Glu435Gln
['CAG']
>Glu435Met
['ATG']
>Glu435Asn
['AAT']
>Glu435Pro
['CCG']
>Glu435Lys
['AAG']
>Glu435Thr
['ACC']
>Glu435Phe
['TTC']
>Glu435Ala
['GCT']
>Glu435Gly
['GGC']
>Glu435Ile
['ATA']
>Glu435Leu
['TTG']
>Glu435His
['CAT']
>Glu435Arg
['CGC']
>Glu435Trp
['TGG']
>Glu435Val
['GTT']
>Glu435Glu
['GAG']
>Glu435Tyr
['TAC']
>Ile436Cys
['TGC']
>Ile436Asp
['GAC']
>Ile436Ser
['AGC']
>Ile436Gln
['CAA']
>Ile436Met
['ATG']
>Ile436Asn
['AAT']
>Ile436Pro
['CCT']
>Ile436Lys
['AAA']
>Ile436Thr
['ACT']
>Ile436Phe
['TTT']
>Ile436Ala
['GCT']
>Ile436Gly
['GGA']
>Ile436Ile
['ATA']
>Ile436Leu
['CTG']
>Ile436His
['CAT']
>Ile436Arg
['AGG']
>Ile436Trp
['TGG']
>Ile436Val
['GTT']
>Ile436Glu
['GAA']
>Ile436Tyr
['TAC']
